// Jest Snapshot v1, https://goo.gl/fbAQLP

exports[`renders correctly 1`] = `
<View
  style={
    Array [
      Object {
        "backgroundColor": "#fff",
        "flex": 1,
        "height": 1334,
      },
      Object {
        "backgroundColor": "teal",
        "flex": 1,
        "justifyContent": "center",
      },
    ]
  }
>
  <View
    style={
      Array [
        Object {
          "backgroundColor": "transparent",
          "borderBottomWidth": 0,
          "borderColor": "#ccc",
          "borderLeftWidth": 0,
          "borderRadius": 2,
          "borderRightWidth": 0,
          "borderTopWidth": 0,
          "elevation": null,
          "flexWrap": "nowrap",
          "marginBottom": 5,
          "marginLeft": 2,
          "marginRight": 2,
          "marginTop": 5,
          "shadowColor": null,
          "shadowOffset": null,
          "shadowOpacity": null,
          "shadowRadius": null,
        },
        Object {
          "backgroundColor": "transparent",
          "borderColor": "teal",
          "marginBottom": 250,
          "maxHeight": 150,
        },
      ]
    }
    transparent={true}
  >
    <View
      style={
        Object {
          "flex": 1,
          "flexDirection": "column",
        }
      }
    >
      <Text
        style={
          Object {
            "color": "#fff",
            "fontSize": 40,
            "fontWeight": "400",
            "textAlign": "center",
          }
        }
      >
        Manager
      </Text>
      <View
        style={
          Object {
            "flex": 1,
            "flexDirection": "row",
            "justifyContent": "center",
            "marginTop": 20,
            "maxHeight": 40,
          }
        }
      >
        <View
          accessible={true}
          isTVSelectable={true}
          onResponderGrant={[Function]}
          onResponderMove={[Function]}
          onResponderRelease={[Function]}
          onResponderTerminate={[Function]}
          onResponderTerminationRequest={[Function]}
          onStartShouldSetResponder={[Function]}
          style={
            Object {
              "alignItems": "center",
              "backgroundColor": "#00b386",
              "borderRadius": 20,
              "marginHorizontal": 10,
              "minHeight": 40,
              "opacity": 1,
              "padding": 5,
              "width": 120,
            }
          }
        >
          <Text
            style={
              Object {
                "color": "#fff",
                "fontSize": 18,
                "fontWeight": "bold",
              }
            }
          >
            Login
          </Text>
        </View>
        <View
          accessible={true}
          isTVSelectable={true}
          onResponderGrant={[Function]}
          onResponderMove={[Function]}
          onResponderRelease={[Function]}
          onResponderTerminate={[Function]}
          onResponderTerminationRequest={[Function]}
          onStartShouldSetResponder={[Function]}
          style={
            Object {
              "alignItems": "center",
              "backgroundColor": "#00b386",
              "borderRadius": 20,
              "marginHorizontal": 10,
              "minHeight": 40,
              "opacity": 1,
              "padding": 5,
              "width": 120,
            }
          }
        >
          <Text
            style={
              Object {
                "color": "#fff",
                "fontSize": 18,
                "fontWeight": "bold",
              }
            }
          >
            Sign Up
          </Text>
        </View>
      </View>
    </View>
  </View>
</View>
`;
